// Jest Snapshot v1, https://goo.gl/fbAQLP

exports[`Validator not required fields should throw if cannot cast, what were thinking you dimb 1`] = `"Cannot cast >>dimby<< to Number"`;

exports[`Validator required fields should throw if cannot cast, what were thinking you dimb 1`] = `"Cannot cast >>dimby<< to Number"`;

exports[`Validator required fields should throw if field is missing, be better at things 1`] = `"You're missing the spokes field"`;
